
> my-app@1.0.0 web
> expo start --web

Starting project at /app/mobile
Using src/app as the root directory for Expo Router.
React Compiler enabled
Starting Metro Bundler

Waiting on http://localhost:8081
Logs for your project will appear below.
λ Bundled 3456ms node_modules/expo/node_modules/@expo/cli/node_modules/@expo/router-server/node/render.js (1231 modules)
"shadow*" style props are deprecated. Use "boxShadow".
Web Bundled 4261ms node_modules/expo-router/entry.js (1153 modules)
Web Bundled 11961ms node_modules/expo-router/entry.js (1260 modules)
Web  INFO  %cDownload the React DevTools for a better development experience: https://react.dev/link/react-devtools font-weight:bold
Web  LOG  Running application "main" with appParams:
 {"hydrate": undefined, "rootTag": "#root"}
Development-level warnings: ON.
Performance optimizations: OFF.
Web  WARN  "shadow*" style props are deprecated. Use "boxShadow".
Web  WARN  props.pointerEvents is deprecated. Use style.pointerEvents
Web  ERROR  Login failed [TypeError: Failed to fetch]
λ Bundled 56ms node_modules/expo/node_modules/@expo/cli/node_modules/@expo/router-server/node/render.js (1 module)
"shadow*" style props are deprecated. Use "boxShadow".
Web Bundled 480ms node_modules/expo-router/entry.js (1 module)
Web Bundled 141ms node_modules/expo-router/entry.js (1 module)
Web  INFO  %cDownload the React DevTools for a better development experience: https://react.dev/link/react-devtools font-weight:bold
Web  LOG  Running application "main" with appParams:
 {"hydrate": undefined, "rootTag": "#root"}
Development-level warnings: ON.
Performance optimizations: OFF.
Web  WARN  "shadow*" style props are deprecated. Use "boxShadow".
λ Bundled 51ms node_modules/expo/node_modules/@expo/cli/node_modules/@expo/router-server/node/render.js (1 module)
"shadow*" style props are deprecated. Use "boxShadow".
Web Bundled 683ms node_modules/expo-router/entry.js (1 module)
Web Bundled 110ms node_modules/expo-router/entry.js (1 module)
Web  INFO  %cDownload the React DevTools for a better development experience: https://react.dev/link/react-devtools font-weight:bold
Web  LOG  Running application "main" with appParams:
 {"hydrate": undefined, "rootTag": "#root"}
Development-level warnings: ON.
Performance optimizations: OFF.
Web  WARN  "shadow*" style props are deprecated. Use "boxShadow".
λ Bundled 114ms node_modules/expo/node_modules/@expo/cli/node_modules/@expo/router-server/node/render.js (1 module)
"shadow*" style props are deprecated. Use "boxShadow".
Web Bundled 753ms node_modules/expo-router/entry.js (1 module)
Web Bundled 114ms node_modules/expo-router/entry.js (1 module)
Web  INFO  %cDownload the React DevTools for a better development experience: https://react.dev/link/react-devtools font-weight:bold
Web  LOG  Running application "main" with appParams:
 {"hydrate": undefined, "rootTag": "#root"}
Development-level warnings: ON.
Performance optimizations: OFF.
Web  WARN  "shadow*" style props are deprecated. Use "boxShadow".
Web  WARN  props.pointerEvents is deprecated. Use style.pointerEvents
Web  ERROR  Login failed [TypeError: Failed to fetch]
λ Bundled 49ms node_modules/expo/node_modules/@expo/cli/node_modules/@expo/router-server/node/render.js (1 module)
"shadow*" style props are deprecated. Use "boxShadow".
Web Bundled 418ms node_modules/expo-router/entry.js (1 module)
Web Bundled 52ms node_modules/expo-router/entry.js (1 module)
Web  INFO  %cDownload the React DevTools for a better development experience: https://react.dev/link/react-devtools font-weight:bold
Web  LOG  Running application "main" with appParams:
 {"hydrate": undefined, "rootTag": "#root"}
Development-level warnings: ON.
Performance optimizations: OFF.
Web  WARN  "shadow*" style props are deprecated. Use "boxShadow".
λ Bundled 41ms node_modules/expo/node_modules/@expo/cli/node_modules/@expo/router-server/node/render.js (1 module)
"shadow*" style props are deprecated. Use "boxShadow".
Web Bundled 382ms node_modules/expo-router/entry.js (1 module)
Web Bundled 53ms node_modules/expo-router/entry.js (1 module)
Web  INFO  %cDownload the React DevTools for a better development experience: https://react.dev/link/react-devtools font-weight:bold
Web  LOG  Running application "main" with appParams:
 {"hydrate": undefined, "rootTag": "#root"}
Development-level warnings: ON.
Performance optimizations: OFF.
Web  WARN  "shadow*" style props are deprecated. Use "boxShadow".
